========== Training Session ==========
Started: 20260602-232025
Run name: resnet50-512x768
Device: cuda:1
CUDA: NVIDIA GeForce RTX 4090 (47.38 GB)
Torch: 2.7.1+cu126
Classes: person, car, dog, cat, chair
Train dataset: 7500 images, 10642 boxes, 2500 empty images
Val dataset: 1500 images, 2021 boxes, 500 empty images
Train class counts: {'dog': 1028, 'person': 5829, 'chair': 1613, 'cat': 833, 'car': 1339}
Val class counts: {'dog': 206, 'chair': 282, 'person': 1074, 'car': 283, 'cat': 176}
Model: Faster R-CNN resnet50 FPN (41,097,261/41,319,661 trainable/total params)
Hyperparams: epochs=30, batch_size=4, lr=0.005, lr_milestones=[15, 25], lr_gamma=0.1, backbone=resnet50, min_size=512, max_size=768, score_threshold=0.5, augmentation=True, early_stopping=True, early_stopping_patience=7, early_stopping_min_delta=0.001, num_workers=2, log_interval=20
Saved results dir: saved_results/resnet50-512x768
Checkpoint dir: saved_results/resnet50-512x768/checkpoints
Best checkpoint: saved_results/resnet50-512x768/checkpoints/best_model-20260602-232025.pth
Last checkpoint: saved_results/resnet50-512x768/checkpoints/last_model-20260602-232025.pth
Log dir: saved_results/resnet50-512x768/logs
=====================================
[2026-06-02 23:20:25] Training session initialized.
[2026-06-02 23:20:27] Epoch [01/30] started.
[2026-06-02 23:20:31] Epoch 01 train batch [20/1875] loss=0.3450 avg_loss=0.6540
[2026-06-02 23:20:32] Epoch 01 train batch [40/1875] loss=0.2917 avg_loss=0.5052
[2026-06-02 23:20:34] Epoch 01 train batch [60/1875] loss=0.2700 avg_loss=0.4270
[2026-06-02 23:20:36] Epoch 01 train batch [80/1875] loss=0.1372 avg_loss=0.3890
[2026-06-02 23:20:38] Epoch 01 train batch [100/1875] loss=0.1726 avg_loss=0.3601
[2026-06-02 23:20:40] Epoch 01 train batch [120/1875] loss=0.2010 avg_loss=0.3505
[2026-06-02 23:20:41] Epoch 01 train batch [140/1875] loss=0.4312 avg_loss=0.3411
[2026-06-02 23:20:43] Epoch 01 train batch [160/1875] loss=0.2822 avg_loss=0.3358
[2026-06-02 23:20:45] Epoch 01 train batch [180/1875] loss=0.4682 avg_loss=0.3236
[2026-06-02 23:20:47] Epoch 01 train batch [200/1875] loss=0.3286 avg_loss=0.3252
[2026-06-02 23:20:48] Epoch 01 train batch [220/1875] loss=0.7460 avg_loss=0.3236
========== Training Session ==========
Started: 20260602-232157
Run name: resnet50-512x768
Device: cuda:1
CUDA: NVIDIA GeForce RTX 4090 (47.38 GB)
Torch: 2.7.1+cu126
Classes: person, car, dog, cat, chair
Train dataset: 7500 images, 10642 boxes, 2500 empty images
Val dataset: 1500 images, 2021 boxes, 500 empty images
Train class counts: {'dog': 1028, 'person': 5829, 'chair': 1613, 'cat': 833, 'car': 1339}
Val class counts: {'dog': 206, 'chair': 282, 'person': 1074, 'car': 283, 'cat': 176}
Model: Faster R-CNN resnet101 FPN (60,037,165/60,259,565 trainable/total params)
Hyperparams: epochs=30, batch_size=8, lr=0.005, lr_milestones=[15, 25], lr_gamma=0.1, backbone=resnet101, min_size=512, max_size=768, score_threshold=0.5, augmentation=False, early_stopping=True, early_stopping_patience=7, early_stopping_min_delta=0.001, num_workers=2, log_interval=20
Saved results dir: saved_results/resnet50-512x768
Checkpoint dir: saved_results/resnet50-512x768/checkpoints
Best checkpoint: saved_results/resnet50-512x768/checkpoints/best_model-20260602-232157.pth
Last checkpoint: saved_results/resnet50-512x768/checkpoints/last_model-20260602-232157.pth
Log dir: saved_results/resnet50-512x768/logs
=====================================
[2026-06-02 23:22:10] Training session initialized.
[2026-06-02 23:22:11] Epoch [01/30] started.
[2026-06-02 23:22:17] Epoch 01 train batch [20/938] loss=0.2250 avg_loss=0.6071
[2026-06-02 23:22:22] Epoch 01 train batch [40/938] loss=0.2574 avg_loss=0.4634
