========== Training Session ==========
Started: 20260611-014043
Run name: retina-augment-ablation
Device: cuda:0
CUDA: NVIDIA GeForce RTX 4090 (47.38 GB)
Torch: 2.7.1+cu126
Classes: person, car, dog, cat, chair
Train dataset: 7500 images, 10642 boxes, 2500 empty images
Val dataset: 1500 images, 2021 boxes, 500 empty images
Train class counts: {'dog': 1028, 'person': 5829, 'chair': 1613, 'cat': 833, 'car': 1339}
Val class counts: {'dog': 206, 'chair': 282, 'person': 1074, 'car': 283, 'cat': 176}
Resume: disabled
Sampling: strategy=class_small_balanced, class=None, factor=1.0, target_images=0/7500, small_object_images=644, weight_range=[0.500, 3.968]
Model: custom resnet50 (39,927,853/41,372,781 trainable/total params)
Hyperparameters
├── Training
│   ├── epochs             : 100
│   ├── batch_size         : 4
│   ├── num_workers        : 0
│   ├── augmentation       : True
│   ├── flip_probability   : 0.5
│   ├── color_probability  : 0.2
│   ├── grayscale_prob     : 0.03
│   ├── scale_jitter_prob  : 0.4
│   ├── scale_jitter_range : [0.9, 1.15]
│   ├── safe_crop_prob     : 0.2
│   ├── safe_crop_scale    : 0.75
│   ├── safe_crop_visible  : 0.5
│   ├── blur_probability   : 0.08
│   ├── blur_kernel_size   : 5
│   ├── noise_probability  : 0.08
│   ├── noise_std          : 0.02
│   ├── sampler_strategy   : class_small_balanced
│   ├── small_object_boost : 1.5
│   ├── empty_image_weight : 0.5
│   ├── oversample_class   : disabled
│   └── oversample_factor  : 1.0
├── Optimizer
│   ├── lr                 : 0.001
│   ├── momentum           : 0.9
│   ├── weight_decay       : 0.001
│   └── grad_clip_norm     : 10.0
├── LR Scheduler
│   ├── type               : plateau
│   ├── milestones         : [15, 25]
│   ├── gamma              : 0.1
│   ├── min_lr             : 1e-05
│   ├── plateau_patience   : 3
│   └── plateau_factor     : 0.5
├── Model
│   ├── implementation     : custom
│   ├── backbone           : resnet50
│   ├── trainable_layers   : 2
│   ├── pretrained_backbone: True
│   ├── roi_dropout        : 0.2
│   ├── retina_topk       : 1000
│   ├── retina_max_det    : 300
│   ├── yolo_topk         : 1000
│   ├── yolo_max_det      : 300
│   ├── min_size           : 512
│   ├── max_size           : 768
│   ├── anchor_sizes       : model_default
│   ├── anchor_ratios      : model_default
│   ├── train_pre_nms_top_n : 2000
│   ├── train_post_nms_top_n: 2000
│   ├── test_pre_nms_top_n  : 1000
│   ├── test_post_nms_top_n : 1000
│   └── fixed_batch_shape   : True
├── Validation
│   ├── score_threshold    : 0.5
│   ├── eval_max_images    : all
│   └── full_coco_interval : disabled
├── Early Stopping
│   ├── enabled            : True
│   ├── patience           : 10
│   └── min_delta          : 0.01
└── Logging
    ├── log_interval       : 20
    ├── empty_cache_interval: disabled
    └── use_wandb          : True
Saved results dir: saved_results/retina-augment-ablation
Checkpoint dir: saved_results/retina-augment-ablation/checkpoints
Best checkpoint: saved_results/retina-augment-ablation/checkpoints/best_model-20260611-014043.pth
Last checkpoint: saved_results/retina-augment-ablation/checkpoints/last_model-20260611-014043.pth
Log dir: saved_results/retina-augment-ablation/logs
=====================================
[2026-06-11 01:40:44] Training session initialized.
[2026-06-11 01:40:45] Epoch [01/100] started. Resources: rss=772.5MB, peak_rss=869.1MB, cuda_alloc=158.1MB, cuda_reserved=160.0MB, cuda_peak_alloc=158.1MB, cuda_free=41216.4MB, cuda_total=48519.1MB
[2026-06-11 01:40:54] Epoch 01 train batch [20/1875] loss=0.9621 avg_loss=1.2969. Resources: rss=1832.8MB, peak_rss=1856.3MB, cuda_alloc=478.9MB, cuda_reserved=12262.0MB, cuda_peak_alloc=2663.3MB, cuda_free=29024.4MB, cuda_total=48519.1MB
[2026-06-11 01:41:03] Epoch 01 train batch [40/1875] loss=0.3706 avg_loss=0.9098. Resources: rss=1806.8MB, peak_rss=1856.3MB, cuda_alloc=478.9MB, cuda_reserved=12262.0MB, cuda_peak_alloc=2663.4MB, cuda_free=29024.4MB, cuda_total=48519.1MB
